Testing registration endpoint...
Response type: PSCustomObject
Response Keys: message, status
Full Response: {
    "status":  "success",
    "message":  "Registration successful. You can now login."
}
